// Jest Snapshot v1, https://goo.gl/fbAQLP

exports[`[AppProvider] rendering test should match component and snapshot 1`] = `
<View>
  <Text
    testID="TEXT"
  >
    {
  "user": null
}
  </Text>
  <Button
    onPress={[Function]}
    testID="BUTTON"
    title="Button"
  />
  <Button
    onPress={[Function]}
    testID="BUTTON_NOT_VALID"
    title="Button"
  />
</View>
`;
